src/App.tsx(4,36): error TS2307: Cannot find module '@rainbow-me/rainbowkit' or its corresponding type declarations.
src/components/Hero3D.tsx(4,25): error TS7016: Could not find a declaration file for module 'maath/random/dist/maath-random.esm'. 'C:/Users/dpearson/Documents/Bitcoinvestments/node_modules/maath/random/dist/maath-random.esm.js' implicitly has an 'any' type.
  Try `npm i --save-dev @types/maath` if it exists or add a new declaration (.d.ts) file containing `declare module 'maath/random/dist/maath-random.esm';`
src/components/Hero3D.tsx(8,17): error TS2554: Expected 1 arguments, but got 0.
src/components/Hero3D.tsx(12,15): error TS6133: 'state' is declared but its value is never read.
src/components/Hero3D.tsx(36,10): error TS6133: 'JourneyPath' is declared but its value is never read.
src/components/Web3/WalletConnect.tsx(1,31): error TS2307: Cannot find module '@rainbow-me/rainbowkit' or its corresponding type declarations.
src/components/Web3/WalletConnect.tsx(14,11): error TS7031: Binding element 'account' implicitly has an 'any' type.
src/components/Web3/WalletConnect.tsx(15,11): error TS7031: Binding element 'chain' implicitly has an 'any' type.
src/components/Web3/WalletConnect.tsx(16,11): error TS7031: Binding element 'openAccountModal' implicitly has an 'any' type.
src/components/Web3/WalletConnect.tsx(17,11): error TS7031: Binding element 'openChainModal' implicitly has an 'any' type.
src/components/Web3/WalletConnect.tsx(18,11): error TS7031: Binding element 'openConnectModal' implicitly has an 'any' type.
src/components/Web3/WalletConnect.tsx(19,11): error TS7031: Binding element 'authenticationStatus' implicitly has an 'any' type.
src/components/Web3/WalletConnect.tsx(20,11): error TS7031: Binding element 'mounted' implicitly has an 'any' type.
src/lib/wagmi.ts(1,34): error TS2307: Cannot find module '@rainbow-me/rainbowkit' or its corresponding type declarations.
src/lib/wagmi.ts(2,10): error TS2305: Module '"wagmi/chains"' has no exported member 'mainnet'.
src/lib/wagmi.ts(2,19): error TS2305: Module '"wagmi/chains"' has no exported member 'polygon'.
src/lib/wagmi.ts(2,28): error TS2305: Module '"wagmi/chains"' has no exported member 'arbitrum'.
src/lib/wagmi.ts(2,38): error TS2305: Module '"wagmi/chains"' has no exported member 'optimism'.
src/pages/Home.tsx(18,11): error TS6133: 'heroRef' is declared but its value is never read.
src/pages/Home.tsx(20,12): error TS6133: 'loadingPrices' is declared but its value is never read.
src/services/tokenApprovals.ts(6,80): error TS7016: Could not find a declaration file for module 'viem'. 'C:/Users/dpearson/Documents/Bitcoinvestments/node_modules/viem/_esm/index.js' implicitly has an 'any' type.
  Try `npm i --save-dev @types/viem` if it exists or add a new declaration (.d.ts) file containing `declare module 'viem';`
src/services/tokenApprovals.ts(7,54): error TS7016: Could not find a declaration file for module 'viem/chains'. 'C:/Users/dpearson/Documents/Bitcoinvestments/node_modules/viem/_esm/chains/index.js' implicitly has an 'any' type.
  Try `npm i --save-dev @types/viem` if it exists or add a new declaration (.d.ts) file containing `declare module 'viem/chains';`
src/services/tokenApprovals.ts(99,15): error TS2339: Property 'ethereum' does not exist on type 'Window & typeof globalThis'.
src/services/tokenApprovals.ts(111,32): error TS2339: Property 'ethereum' does not exist on type 'Window & typeof globalThis'.
